// Jest Snapshot v1, https://goo.gl/fbAQLP

exports[`Pokemon Page Component debe de hacer match con el snapshot 1`] = `<h1>Cargando...</h1>`;

exports[`Pokemon Page Component debe hacer math con el snapshot cuando carguen los pokemons 1`] = `
<div>
  <h1>Â¿Quien es este pokemon?</h1><!-- Picture -->
  <pokemon-picture-stub pokemonid="5" showpokemon="false"></pokemon-picture-stub><!-- Opciones -->
  <pokemon-options-stub pokemons="[object Object],[object Object],[object Object],[object Object]"></pokemon-options-stub>
  <!--v-if-->
</div>
`;
